// Jest Snapshot v1, https://goo.gl/fbAQLP

exports[`PedometerScreen Matches snapshot. 1`] = `
<Component
  style={
    Object {
      "alignItems": "center",
      "backgroundColor": "#fff",
      "flex": 1,
      "paddingTop": 25,
    }
  }
>
  <Text
    accessible={true}
    allowFontScaling={true}
    ellipsizeMode="tail"
  />
</Component>
`;
